[2m1:15:00 pm[22m [31m[1m[vite][22m[39m [31mInternal server error: Transform failed with 1 error:

[31m[PARSE_ERROR] [0mUnexpected token
   [38;5;246m╭[0m[38;5;246m─[0m[38;5;246m[[0m src/components/investigation/KnowledgeGraph.tsx:2:7 [38;5;246m][0m
   [38;5;246m│[0m
 [38;5;246m2 │[0m [38;5;249m [0m[38;5;249m [0m[38;5;249m [0m[38;5;249m [0m[38;5;249m [0m[38;5;249m [0m}[38;5;249m)[0m[38;5;249m)[0m
 [38;5;240m  │[0m       ┬  
 [38;5;240m  │[0m       ╰── 
[38;5;246m───╯[0m
[39m
  Plugin: [35mvite:oxc[39m
  File: [36mC:/Users/subar/OneDrive/Desktop/SG Hackathon/frontend/src/components/investigation/KnowledgeGraph.tsx[39m
      at transformWithOxc (file:///C:/Users/subar/OneDrive/Desktop/SG%20Hackathon/frontend/node_modules/vite/dist/node/chunks/node.js:4033:19)
      at TransformPluginContext.transform (file:///C:/Users/subar/OneDrive/Desktop/SG%20Hackathon/frontend/node_modules/vite/dist/node/chunks/node.js:4104:26)
      at EnvironmentPluginContainer.transform (file:///C:/Users/subar/OneDrive/Desktop/SG%20Hackathon/frontend/node_modules/vite/dist/node/chunks/node.js:30201:51)
      at async loadAndTransform (file:///C:/Users/subar/OneDrive/Desktop/SG%20Hackathon/frontend/node_modules/vite/dist/node/chunks/node.js:20124:26)
      at async viteTransformMiddleware (file:///C:/Users/subar/OneDrive/Desktop/SG%20Hackathon/frontend/node_modules/vite/dist/node/chunks/node.js:24604:20)
[2m1:15:00 pm[22m [31m[1m[vite][22m[39m [31m[2m(client)[22m[39m [2m[console.error] [22m[vite] Failed to reload /src/components/investigation/KnowledgeGraph.tsx. This could be due to syntax errors or importing non-existent modules. (see errors above)
[2m1:15:53 pm[22m [31m[1m[vite][22m[39m [31mInternal server error: Transform failed with 1 error:

[31m[PARSE_ERROR] [0mExpected `,` or `)` but found `const`
    [38;5;246m╭[0m[38;5;246m─[0m[38;5;246m[[0m src/pages/InvestigationWorkspace.tsx:93:3 [38;5;246m][0m
    [38;5;246m│[0m
 [38;5;246m88 │[0m [38;5;249m [0m[38;5;249m [0m[38;5;249m [0m[38;5;249m [0m[38;5;249m?[0m[38;5;249m [0m[38;5;249me[0m[38;5;249mv[0m[38;5;249mi[0m[38;5;249md[0m[38;5;249me[0m[38;5;249mn[0m[38;5;249mc[0m[38;5;249me[0m[38;5;249mG[0m[38;5;249mr[0m[38;5;249ma[0m[38;5;249mp[0m[38;5;249mh[0m[38;5;249m.[0m[38;5;249ml[0m[38;5;249ma[0m[38;5;249my[0m[38;5;249me[0m[38;5;249mr[0m[38;5;249ms[0m[38;5;249m.[0m[38;5;249mf[0m[38;5;249ml[0m[38;5;249ma[0m[38;5;249mt[0m[38;5;249mM[0m[38;5;249ma[0m[38;5;249mp[0m([38;5;249ml[0m[38;5;249ma[0m[38;5;249my[0m[38;5;249me[0m[38;5;249mr[0m[38;5;249m [0m[38;5;249m=[0m[38;5;249m>[0m
 [38;5;240m   │[0m                                   ┬  
 [38;5;240m   │[0m                                   ╰── Opened here
 [38;5;240m   │[0m 
 [38;5;246m93 │[0m [38;5;249m [0m[38;5;249m [0mconst[38;5;249m [0m[38;5;249mc[0m[38;5;249mu[0m[38;5;249mr[0m[38;5;249mr[0m[38;5;249me[0m[38;5;249mn[0m[38;5;249mt[0m[38;5;249mR[0m[38;5;249mi[0m[38;5;249ms[0m[38;5;249mk[0m[38;5;249mS[0m[38;5;249mc[0m[38;5;249mo[0m[38;5;249mr[0m[38;5;249me[0m[38;5;249m [0m[38;5;249m=[0m[38;5;249m [0m[38;5;249mr[0m[38;5;249mi[0m[38;5;249ms[0m[38;5;249mk[0m[38;5;249mC[0m[38;5;249ml[0m[38;5;249ma[0m[38;5;249ms[0m[38;5;249ms[0m[38;5;249mD[0m[38;5;249ma[0m[38;5;249mt[0m[38;5;249ma[0m[38;5;249m?[0m[38;5;249m.[0m[38;5;249mr[0m[38;5;249mi[0m[38;5;249ms[0m[38;5;249mk[0m[38;5;249m_[0m[38;5;249ms[0m[38;5;249mc[0m[38;5;249mo[0m[38;5;249mr[0m[38;5;249me[0m[38;5;249m_[0m[38;5;249mp[0m[38;5;249mc[0m[38;5;249mt[0m[38;5;249m [0m[38;5;249m?[0m[38;5;249m?[0m[38;5;249m [0m[38;5;249m([0m[38;5;249mi[0m[38;5;249mn[0m[38;5;249mv[0m[38;5;249me[0m[38;5;249ms[0m[38;5;249mt[0m[38;5;249mi[0m[38;5;249mg[0m[38;5;249ma[0m[38;5;249mt[0m[38;5;249mi[0m[38;5;249mo[0m[38;5;249mn[0m[38;5;249m [0m[38;5;249ma[0m[38;5;249ms[0m[38;5;249m [0m[38;5;249ma[0m[38;5;249mn[0m[38;5;249my[0m[38;5;249m)[0m[38;5;249m?[0m[38;5;249m.[0m[38;5;249mr[0m[38;5;249mi[0m[38;5;249ms[0m[38;5;249mk[0m[38;5;249m_[0m[38;5;249mp[0m[38;5;249mr[0m[38;5;249mo[0m[38;5;249mf[0m[38;5;249mi[0m[38;5;249ml[0m[38;5;249me[0m[38;5;249m?[0m[38;5;249m.[0m[38;5;249mc[0m[38;5;249mo[0m[38;5;249mm[0m[38;5;249mp[0m[38;5;249mo[0m[38;5;249ms[0m[38;5;249mi[0m[38;5;249mt[0m[38;5;249me[0m[38;5;249m_[0m[38;5;249ms[0m[38;5;249mc[0m[38;5;249mo[0m[38;5;249mr[0m[38;5;249me[0m[38;5;249m [0m[38;5;249m?[0m[38;5;249m?[0m[38;5;249m [0m[38;5;249mc[0m[38;5;249mu[0m[38;5;249ms[0m[38;5;249mt[0m[38;5;249mo[0m[38;5;249mm[0m[38;5;249me[0m[38;5;249mr[0m[38;5;249m?[0m[38;5;249m.[0m[38;5;249mr[0m[38;5;249mi[0m[38;5;249ms[0m[38;5;249mk[0m[38;5;249m_[0m[38;5;249ms[0m[38;5;249mc[0m[38;5;249mo[0m[38;5;249mr[0m[38;5;249me[0m[38;5;249m [0m[38;5;249m?[0m[38;5;249m?[0m[38;5;249m [0m[38;5;249m0[0m[38;5;249m;[0m
 [38;5;240m   │[0m   ──┬──  
 [38;5;240m   │[0m     ╰──── `,` or `)` expected
[38;5;246m────╯[0m
[39m
  Plugin: [35mvite:oxc[39m
  File: [36mC:/Users/subar/OneDrive/Desktop/SG Hackathon/frontend/src/pages/InvestigationWorkspace.tsx[39m
      at transformWithOxc (file:///C:/Users/subar/OneDrive/Desktop/SG%20Hackathon/frontend/node_modules/vite/dist/node/chunks/node.js:4033:19)
      at TransformPluginContext.transform (file:///C:/Users/subar/OneDrive/Desktop/SG%20Hackathon/frontend/node_modules/vite/dist/node/chunks/node.js:4104:26)
      at EnvironmentPluginContainer.transform (file:///C:/Users/subar/OneDrive/Desktop/SG%20Hackathon/frontend/node_modules/vite/dist/node/chunks/node.js:30201:51)
      at async loadAndTransform (file:///C:/Users/subar/OneDrive/Desktop/SG%20Hackathon/frontend/node_modules/vite/dist/node/chunks/node.js:20124:26)
      at async viteTransformMiddleware (file:///C:/Users/subar/OneDrive/Desktop/SG%20Hackathon/frontend/node_modules/vite/dist/node/chunks/node.js:24604:20)
[2m1:15:53 pm[22m [31m[1m[vite][22m[39m [31m[2m(client)[22m[39m [2m[console.error] [22m[vite] Failed to reload /src/pages/InvestigationWorkspace.tsx. This could be due to syntax errors or importing non-existent modules. (see errors above)
[2m2:32:52 pm[22m [31m[1m[vite][22m[39m [31m[2m(client)[22m[39m [2m[console.error] [22mEncountered two children with the same key, `2`. Keys should be unique so that components maintain their identity across updates. Non-unique keys may cause children to be duplicated and/or omitted — the behavior is unsupported and could change in a future version.
